anthropomorphism.md:3: [anthropomorphism] talk to | - talk to
anthropomorphism.md:4: [anthropomorphism] talks to | - talks to
anthropomorphism.md:5: [anthropomorphism] knows about | - knows about
anthropomorphism.md:6: [anthropomorphism] is smart enough | - is smart enough
anthropomorphism.md:7: [idiom] magic | - magically
anthropomorphism.md:7: [anthropomorphism] magically | - magically
anthropomorphism.md:8: [anthropomorphism] decides to | - decides to
anthropomorphism.md:9: [anthropomorphism] is happy | - is happy
anthropomorphism.md:10: [anthropomorphism] complains | - complains
anthropomorphism.md:11: [anthropomorphism] cares about | - cares about
anthropomorphism.md:12: [anthropomorphism] is aware of | - is aware of
anthropomorphism.md:13: [anthropomorphism] doesn't like | - doesn't like
anthropomorphism.md:14: [anthropomorphism] wants to know | - wants to know

Candidates reported. Rewrite each one, or keep it and state the reason.
