filler.md:3: [filler] note that | - note that
filler.md:4: [filler] worth noting | - worth noting
filler.md:5: [filler] keep in mind | - keep in mind
filler.md:6: [filler] bear in mind | - bear in mind
filler.md:7: [filler] as you can see | - as you can see
filler.md:8: [filler] let's | - let's
filler.md:9: [filler] let us | - let us
filler.md:10: [filler] we'll | - we'll
filler.md:11: [filler] we will now | - we will now
filler.md:12: [filler] you'll want | - you'll want
filler.md:13: [filler] feel free | - feel free
filler.md:14: [filler] don't worry | - don't worry
filler.md:15: [filler] remember that | - remember that
filler.md:16: [filler] please note | - please note
filler.md:17: [filler] that said | - that said
filler.md:18: [filler] to be honest | - to be honest
filler.md:19: [filler] as mentioned above | - as mentioned above
filler.md:20: [filler] as mentioned earlier | - as mentioned earlier

Candidates reported. Rewrite each one, or keep it and state the reason.
