hype.md:3: [hype] leverage | - leverage
hype.md:4: [hype] utilize | - utilize
hype.md:5: [hype] seamless | - seamless
hype.md:6: [hype] robust | - robust
hype.md:7: [hype] powerful | - powerful
hype.md:8: [hype] cutting-edge | - cutting-edge
hype.md:9: [hype] state of the art | - state of the art
hype.md:10: [hype] game-chang | - game-changing
hype.md:11: [hype] best-in-class | - best-in-class
hype.md:12: [hype] blazing | - blazing
hype.md:13: [hype] effortless | - effortless
hype.md:14: [hype] rich set of | - rich set of
hype.md:15: [hype] elegant | - elegant
hype.md:16: [hype] delightful | - delightful
hype.md:17: [hype] comprehensive | - comprehensive
hype.md:18: [hype] leverage | - leveraged
hype.md:19: [hype] utilize | - utilized
hype.md:20: [hype] seamless | - seamlessly
hype.md:21: [hype] blazing | - blazingly
hype.md:22: [hype] effortless | - effortlessly

Candidates reported. Rewrite each one, or keep it and state the reason.
