idiom.md:3: [idiom] load-bearing | - load-bearing
idiom.md:4: [idiom] belt and braces | - belt and braces
idiom.md:5: [idiom] has teeth | - has teeth
idiom.md:6: [idiom] not decoration | - not decoration
idiom.md:7: [idiom] learned the hard way | - learned the hard way
idiom.md:8: [idiom] that is the point | - that is the point
idiom.md:9: [idiom] that was the point | - that was the point
idiom.md:10: [idiom] that's the point | - that's the point
idiom.md:11: [idiom] blast radius | - blast radius
idiom.md:12: [idiom] under the hood | - under the hood
idiom.md:13: [idiom] out of the box | - out of the box
idiom.md:14: [idiom] silver bullet | - silver bullet
idiom.md:15: [idiom] low-hanging fruit | - low-hanging fruit
idiom.md:16: [idiom] rabbit hole | - rabbit hole
idiom.md:17: [idiom] first-class citizen | - first-class citizen
idiom.md:18: [idiom] heavy lifting | - heavy lifting
idiom.md:19: [idiom] battle-tested | - battle-tested
idiom.md:20: [idiom] bulletproof | - bulletproof
idiom.md:21: [idiom] moving parts | - moving parts
idiom.md:22: [idiom] at the end of the day | - at the end of the day
idiom.md:23: [idiom] in the wild | - in the wild
idiom.md:24: [idiom] boils down to | - boils down to
idiom.md:25: [idiom] the trick is | - the trick is
idiom.md:26: [idiom] rule of thumb | - rule of thumb
idiom.md:27: [idiom] bells and whistles | - bells and whistles
idiom.md:28: [idiom] footgun | - footgun
idiom.md:29: [idiom] gotcha | - gotcha
idiom.md:30: [idiom] happy path | - happy path
idiom.md:31: [idiom] glue code | - glue code
idiom.md:32: [idiom] sanity check | - sanity check
idiom.md:33: [idiom] magic | - magic
idiom.md:34: [idiom] hand-wav | - hand-wave
idiom.md:35: [idiom] deep dive | - deep dive
idiom.md:36: [idiom] baked in | - baked in
idiom.md:37: [idiom] table stakes | - table stakes
idiom.md:38: [idiom] paper over | - paper over
idiom.md:39: [idiom] band-aid | - band-aid
idiom.md:40: [idiom] move the needle | - move the needle
idiom.md:41: [idiom] nail down | - nail down
idiom.md:42: [idiom] swiss army | - swiss army
idiom.md:43: [idiom] apples to apples | - apples to apples
idiom.md:44: [idiom] the name of the game | - the name of the game

Candidates reported. Rewrite each one, or keep it and state the reason.
