length.md:3: [length] 26-word sentence: w1 w2 w3 w4 w5 w6 w7 w8 w9 w10 w11 w12 w13 w14 w15 w16 w...
length.md:5: [length] 26-word sentence: w1 w2 w3 w4 w5 w6 w7 w8 w9 w10 w11 w12 w13 w14 w15 w16 w...
length.md:7: [length] 26-word sentence: w1 w2 w3 w4 w5 w6 w7 w8 w9 w10 w11 w12 w13 w14 w15 w16 w...
length.md:9: [length] 26-word sentence: w1 w2 w3 w4 w5 w6 w7 w8 w9 w10 w11 w12 w13 w14 w15 w16 w...
length.md:12: [length] 26-word sentence: w1 w2 w3 w4 w5 w6 w7 w8 w9 w10 w11 w12 w13 w14 w15 w16 w...
length.md:15: [length] 26-word sentence: w1 w2 w3 w4 w5 w6 w7 w8 w9 w10 w11 w12 w13 w14 w15 w16 w...
length.md:17: [length] 26-word sentence: w1 w2 w3 w4 w5 w6 w7 w8 w9 w10 w11 w12 w13 w14 w15 w16 w...
length.md:21: [length] 26-word sentence: w1 w2 w3 w4 w5 w6 w7 w8 w9 w10 w11 w12 w13 w14 w15 w16 w...
length.md:24: [length] 26-word sentence: w1 w2 w3 w4 w5 w6 w7 w8 w9 w10 w11 w12 w13 w14 w15 w16 w...

Candidates reported. Rewrite each one, or keep it and state the reason.
