qualifier.md:3: [qualifier] just | - just
qualifier.md:4: [qualifier] simply | - simply
qualifier.md:5: [qualifier] basically | - basically
qualifier.md:6: [qualifier] obviously | - obviously
qualifier.md:7: [qualifier] of course | - of course
qualifier.md:8: [qualifier] actually | - actually
qualifier.md:9: [qualifier] fairly | - fairly
qualifier.md:10: [qualifier] quite | - quite
qualifier.md:11: [qualifier] pretty much | - pretty much
qualifier.md:12: [qualifier] a bit | - a bit
qualifier.md:13: [qualifier] somewhat | - somewhat
qualifier.md:14: [qualifier] very | - very
qualifier.md:15: [qualifier] really | - really
qualifier.md:16: [qualifier] more or less | - more or less
qualifier.md:17: [qualifier] nicely | - nicely
qualifier.md:18: [qualifier] easily | - easily
qualifier.md:19: [qualifier] worth doing | - worth doing
qualifier.md:20: [qualifier] worth knowing | - worth knowing
qualifier.md:21: [qualifier] worth the | - worth the effort
qualifier.md:22: [qualifier] ideally | - ideally
qualifier.md:23: [qualifier] hopefully | - hopefully
qualifier.md:24: [qualifier] probably | - probably
qualifier.md:25: [qualifier] mostly | - mostly
qualifier.md:26: [qualifier] various | - various
qualifier.md:27: [qualifier] in general | - in general
qualifier.md:28: [qualifier] generally speaking | - generally speaking
qualifier.md:29: [qualifier] simple enough | - simple enough

Candidates reported. Rewrite each one, or keep it and state the reason.
